------------------------------------------------------------
Timing Analyzer Summary
------------------------------------------------------------

Type  : Slow 1100mV 85C Model Setup 'clock_divider:clk_div|clk_out'
Slack : -3.355
TNS   : -76.648

Type  : Slow 1100mV 85C Model Setup 'ref_clk'
Slack : -0.540
TNS   : -0.748

Type  : Slow 1100mV 85C Model Hold 'ref_clk'
Slack : 0.306
TNS   : 0.000

Type  : Slow 1100mV 85C Model Hold 'clock_divider:clk_div|clk_out'
Slack : 0.735
TNS   : 0.000

Type  : Slow 1100mV 85C Model Minimum Pulse Width 'ref_clk'
Slack : -0.500
TNS   : -1.788

Type  : Slow 1100mV 85C Model Minimum Pulse Width 'clock_divider:clk_div|clk_out'
Slack : -0.394
TNS   : -11.938

Type  : Slow 1100mV 0C Model Setup 'clock_divider:clk_div|clk_out'
Slack : -3.302
TNS   : -75.744

Type  : Slow 1100mV 0C Model Setup 'ref_clk'
Slack : -0.531
TNS   : -0.745

Type  : Slow 1100mV 0C Model Hold 'ref_clk'
Slack : 0.300
TNS   : 0.000

Type  : Slow 1100mV 0C Model Hold 'clock_divider:clk_div|clk_out'
Slack : 0.731
TNS   : 0.000

Type  : Slow 1100mV 0C Model Minimum Pulse Width 'ref_clk'
Slack : -0.494
TNS   : -1.776

Type  : Slow 1100mV 0C Model Minimum Pulse Width 'clock_divider:clk_div|clk_out'
Slack : -0.394
TNS   : -11.880

Type  : Fast 1100mV 85C Model Setup 'clock_divider:clk_div|clk_out'
Slack : -1.460
TNS   : -33.547

Type  : Fast 1100mV 85C Model Setup 'ref_clk'
Slack : -0.024
TNS   : -0.024

Type  : Fast 1100mV 85C Model Hold 'ref_clk'
Slack : 0.142
TNS   : 0.000

Type  : Fast 1100mV 85C Model Hold 'clock_divider:clk_div|clk_out'
Slack : 0.382
TNS   : 0.000

Type  : Fast 1100mV 85C Model Minimum Pulse Width 'ref_clk'
Slack : -0.483
TNS   : -1.230

Type  : Fast 1100mV 85C Model Minimum Pulse Width 'clock_divider:clk_div|clk_out'
Slack : 0.110
TNS   : 0.000

Type  : Fast 1100mV 0C Model Setup 'clock_divider:clk_div|clk_out'
Slack : -1.334
TNS   : -30.335

Type  : Fast 1100mV 0C Model Setup 'ref_clk'
Slack : 0.016
TNS   : 0.000

Type  : Fast 1100mV 0C Model Hold 'ref_clk'
Slack : 0.127
TNS   : 0.000

Type  : Fast 1100mV 0C Model Hold 'clock_divider:clk_div|clk_out'
Slack : 0.349
TNS   : 0.000

Type  : Fast 1100mV 0C Model Minimum Pulse Width 'ref_clk'
Slack : -0.460
TNS   : -1.158

Type  : Fast 1100mV 0C Model Minimum Pulse Width 'clock_divider:clk_div|clk_out'
Slack : 0.119
TNS   : 0.000

------------------------------------------------------------
