------------------------------------------------------------
Timing Analyzer Summary
------------------------------------------------------------

Type  : Slow 1100mV 85C Model Setup 'clk'
Slack : -0.473
TNS   : -1.892

Type  : Slow 1100mV 85C Model Hold 'clk'
Slack : 0.266
TNS   : 0.000

Type  : Slow 1100mV 85C Model Minimum Pulse Width 'clk'
Slack : -0.394
TNS   : -3.159

Type  : Slow 1100mV 0C Model Setup 'clk'
Slack : -0.457
TNS   : -1.807

Type  : Slow 1100mV 0C Model Hold 'clk'
Slack : 0.248
TNS   : 0.000

Type  : Slow 1100mV 0C Model Minimum Pulse Width 'clk'
Slack : -0.394
TNS   : -3.331

Type  : Fast 1100mV 85C Model Setup 'clk'
Slack : 0.130
TNS   : 0.000

Type  : Fast 1100mV 85C Model Hold 'clk'
Slack : 0.164
TNS   : 0.000

Type  : Fast 1100mV 85C Model Minimum Pulse Width 'clk'
Slack : -0.091
TNS   : -0.539

Type  : Fast 1100mV 0C Model Setup 'clk'
Slack : 0.176
TNS   : 0.000

Type  : Fast 1100mV 0C Model Hold 'clk'
Slack : 0.145
TNS   : 0.000

Type  : Fast 1100mV 0C Model Minimum Pulse Width 'clk'
Slack : -0.088
TNS   : -0.521

------------------------------------------------------------
